// Vitest Snapshot v1

exports[`Status > mounts and is still the same for fail variant 1`] = `
"<div>
  <p class=\\"font-bold\\"> An error occurred. Health status could not be requested. </p>
</div>"
`;

exports[`Status > mounts and is still the same for success variant 1`] = `
"<div>
  <div>
    <div> Live backend service status is: </div>
    <table class=\\"w-full table-fixed\\">
      <tbody>
        <tr>
          <td> Status </td>
          <td>healthy</td>
        </tr>
        <tr>
          <td>Server time</td>
          <td>2/1/2000, 2:00:00 PM</td>
        </tr>
        <tr>
          <td>Startup Time</td>
          <td>2/1/2000, 2:00:00 PM</td>
        </tr>
        <tr>
          <td>App version</td>
          <td>v0.0.1</td>
        </tr>
      </tbody>
    </table>
    <!--v-if-->
  </div>
</div>"
`;
